{
  "timestamp": "2026-06-04T12:32:20.994Z",
  "msg": "Resolved employee profile",
  "user": {
    "id": "6a1ed7daa03ff2c9a45f1c56",
    "role": "EMPLOYEE",
    "email": "logapriyanm@ethicsecur.co.in",
    "organizationId": "6a1ed6b76cd721e1f9d4e96c",
    "employeeId": "6a1ed7daa03ff2c9a45f1c54",
    "sessionId": "6a217053a56031e4cf8a281c",
    "iat": 1780576339,
    "exp": 1780577239
  },
  "employeeFound": true,
  "employeeDetails": {
    "id": "6a1ed7daa03ff2c9a45f1c54",
    "fullName": "Logapriyan Mahendran",
    "email": "logapriyanm@ethicsecur.co.in",
    "department": "MERN Stack Developer"
  }
}
{
  "timestamp": "2026-06-04T12:32:21.088Z",
  "msg": "Computed stats successfully",
  "counts": {
    "departmentProjectCount": 3,
    "onboardProjectCount": 3,
    "assignedProjectCount": 2,
    "completedProjectCount": 0
  }
}
{
  "timestamp": "2026-06-04T12:43:48.123Z",
  "msg": "Resolved employee profile",
  "user": {
    "id": "6a1ed7d7a03ff2c9a45f1c10",
    "role": "EMPLOYEE",
    "email": "abiramip@ethicsecur.co.in",
    "organizationId": "6a1ed6b76cd721e1f9d4e96c",
    "employeeId": "6a1ed7d7a03ff2c9a45f1c0e",
    "sessionId": "6a217302100e4a05972c1e99",
    "iat": 1780577026,
    "exp": 1780577926
  },
  "employeeFound": true,
  "employeeDetails": {
    "id": "6a1ed7d7a03ff2c9a45f1c0e",
    "fullName": "ABIRAMI PANNEERSELVAM",
    "email": "abiramip@ethicsecur.co.in",
    "department": "Development"
  }
}
{
  "timestamp": "2026-06-04T12:43:48.204Z",
  "msg": "Computed stats successfully",
  "counts": {
    "departmentProjectCount": 3,
    "onboardProjectCount": 3,
    "assignedProjectCount": 2,
    "completedProjectCount": 0
  }
}
{
  "timestamp": "2026-06-04T12:46:08.184Z",
  "msg": "Resolved employee profile",
  "user": {
    "id": "6a1ed7d7a03ff2c9a45f1c10",
    "role": "EMPLOYEE",
    "email": "abiramip@ethicsecur.co.in",
    "organizationId": "6a1ed6b76cd721e1f9d4e96c",
    "employeeId": "6a1ed7d7a03ff2c9a45f1c0e",
    "sessionId": "6a21738f100e4a05972c2096",
    "iat": 1780577167,
    "exp": 1780578067
  },
  "employeeFound": true,
  "employeeDetails": {
    "id": "6a1ed7d7a03ff2c9a45f1c0e",
    "fullName": "ABIRAMI PANNEERSELVAM",
    "email": "abiramip@ethicsecur.co.in",
    "department": "Development"
  }
}
{
  "timestamp": "2026-06-04T12:46:08.277Z",
  "msg": "Computed stats successfully",
  "counts": {
    "departmentProjectCount": 3,
    "onboardProjectCount": 3,
    "assignedProjectCount": 2,
    "completedProjectCount": 0
  }
}
{
  "timestamp": "2026-06-04T13:13:04.389Z",
  "msg": "Resolved employee profile",
  "user": {
    "id": "6a1ed7d7a03ff2c9a45f1c10",
    "role": "EMPLOYEE",
    "email": "abiramip@ethicsecur.co.in",
    "organizationId": "6a1ed6b76cd721e1f9d4e96c",
    "employeeId": "6a1ed7d7a03ff2c9a45f1c0e",
    "sessionId": "6a2179df100e4a05972c21cc",
    "iat": 1780578783,
    "exp": 1780579683
  },
  "employeeFound": true,
  "employeeDetails": {
    "id": "6a1ed7d7a03ff2c9a45f1c0e",
    "fullName": "ABIRAMI PANNEERSELVAM",
    "email": "abiramip@ethicsecur.co.in",
    "department": "Development"
  }
}
{
  "timestamp": "2026-06-04T13:13:04.462Z",
  "msg": "Computed stats successfully",
  "counts": {
    "departmentProjectCount": 3,
    "onboardProjectCount": 3,
    "assignedProjectCount": 2,
    "completedProjectCount": 0
  }
}
